// Jest Snapshot v1, https://goo.gl/fbAQLP

exports[`render home component to the screen matches snapshot 1`] = `
<div
  className="home-wrapper"
  data-testid="home"
>
  <h1>
    Welcome to our page!
  </h1>
  <div>
    <p>
      Lo,ipsumdolorsit amet consecteturadipisicing elit Asperiores adipisicingelit Asperiores
    </p>
    <p>
      Lo,ipsumdolorsit amet consecteturadipisicing elit Asperiores adipisicingelit Asperiores
    </p>
    <p>
      Lo,ipsumdolorsit amet consecteturadipisicing elit Asperiores adipisicingelit Asperiores
    </p>
  </div>
  <div>
    <p>
      Lo,ipsumdolorsit amet consecteturadipisicing elit Asperiores adipisicingelit Asperiores
    </p>
    <p>
      Lo,ipsumdolorsit amet consecteturadipisicing elit Asperiores adipisicingelit Asperiores
    </p>
    <p>
      Lo,ipsumdolorsit amet consecteturadipisicing elit Asperiores adipisicingelit Asperiores
    </p>
  </div>
  <div>
    <p>
      Lo,ipsumdolorsit amet consecteturadipisicing elit Asperiores adipisicingelit Asperiores
    </p>
    <p>
      Lo,ipsumdolorsit amet consecteturadipisicing elit Asperiores adipisicingelit Asperiores
    </p>
    <p>
      Lo,ipsumdolorsit amet consecteturadipisicing elit Asperiores adipisicingelit Asperiores
    </p>
  </div>
</div>
`;
